{
  "Label": "WebsiteBucket",
  "Type": "AWS::S3::Bucket",
  "Stack": "static-website-stack",
  "Target": "aws-target",
  "Schema": {
    "Identifier": "BucketName",
    "Tags": "Tags",
    "Fields": [
      "AccelerateConfiguration",
      "AccessControl",
      "AnalyticsConfigurations",
      "BucketEncryption",
      "BucketName",
      "CorsConfiguration",
      "IntelligentTieringConfigurations",
      "InventoryConfigurations",
      "LifecycleConfiguration",
      "LoggingConfiguration",
      "MetricsConfigurations",
      "NotificationConfiguration",
      "ObjectLockConfiguration",
      "ObjectLockEnabled",
      "OwnershipControls",
      "PublicAccessBlockConfiguration",
      "ReplicationConfiguration",
      "Tags",
      "VersioningConfiguration",
      "WebsiteConfiguration"
    ],
    "Nonprovisionable": false,
    "Hints": {
      "AccelerateConfiguration": {
        "CreateOnly": false,
        "Persist": false,
        "WriteOnly": false,
        "Required": false,
        "RequiredOnCreate": false
      },
      "AccessControl": {
        "CreateOnly": false,
        "Persist": false,
        "WriteOnly": true,
        "Required": false,
        "RequiredOnCreate": false
      },
      "AnalyticsConfigurations": {
        "CreateOnly": false,
        "Persist": false,
        "WriteOnly": false,
        "Required": false,
        "RequiredOnCreate": false
      },
      "BucketEncryption": {
        "CreateOnly": false,
        "Persist": false,
        "WriteOnly": false,
        "Required": false,
        "RequiredOnCreate": false
      },
      "BucketName": {
        "CreateOnly": false,
        "Persist": false,
        "WriteOnly": false,
        "Required": false,
        "RequiredOnCreate": false
      },
      "CorsConfiguration": {
        "CreateOnly": false,
        "Persist": false,
        "WriteOnly": false,
        "Required": false,
        "RequiredOnCreate": false
      },
      "IntelligentTieringConfigurations": {
        "CreateOnly": false,
        "Persist": false,
        "WriteOnly": false,
        "Required": false,
        "RequiredOnCreate": false
      },
      "InventoryConfigurations": {
        "CreateOnly": false,
        "Persist": false,
        "WriteOnly": false,
        "Required": false,
        "RequiredOnCreate": false
      },
      "LifecycleConfiguration": {
        "CreateOnly": false,
        "Persist": false,
        "WriteOnly": false,
        "Required": false,
        "RequiredOnCreate": false
      },
      "LoggingConfiguration": {
        "CreateOnly": false,
        "Persist": false,
        "WriteOnly": false,
        "Required": false,
        "RequiredOnCreate": false
      },
      "MetricsConfigurations": {
        "CreateOnly": false,
        "Persist": false,
        "WriteOnly": false,
        "Required": false,
        "RequiredOnCreate": false
      },
      "NotificationConfiguration": {
        "CreateOnly": false,
        "Persist": false,
        "WriteOnly": false,
        "Required": false,
        "RequiredOnCreate": false
      },
      "ObjectLockConfiguration": {
        "CreateOnly": false,
        "Persist": false,
        "WriteOnly": false,
        "Required": false,
        "RequiredOnCreate": false
      },
      "ObjectLockEnabled": {
        "CreateOnly": false,
        "Persist": false,
        "WriteOnly": false,
        "Required": false,
        "RequiredOnCreate": false
      },
      "OwnershipControls": {
        "CreateOnly": false,
        "Persist": false,
        "WriteOnly": false,
        "Required": false,
        "RequiredOnCreate": false
      },
      "PublicAccessBlockConfiguration": {
        "CreateOnly": false,
        "Persist": false,
        "WriteOnly": false,
        "Required": false,
        "RequiredOnCreate": false
      },
      "ReplicationConfiguration": {
        "CreateOnly": false,
        "Persist": false,
        "WriteOnly": false,
        "Required": false,
        "RequiredOnCreate": false
      },
      "Tags": {
        "CreateOnly": false,
        "Persist": false,
        "WriteOnly": false,
        "Required": false,
        "RequiredOnCreate": false
      },
      "VersioningConfiguration": {
        "CreateOnly": false,
        "Persist": false,
        "WriteOnly": false,
        "Required": false,
        "RequiredOnCreate": false
      },
      "WebsiteConfiguration": {
        "CreateOnly": false,
        "Persist": false,
        "WriteOnly": false,
        "Required": false,
        "RequiredOnCreate": false
      }
    },
    "Discoverable": true
  },
  "Properties": {
    "BucketEncryption": {
      "ServerSideEncryptionConfiguration": [
        {
          "BucketKeyEnabled": false,
          "ServerSideEncryptionByDefault": {
            "SSEAlgorithm": "AES256"
          }
        }
      ]
    },
    "BucketName": "static-website-uber-unique-id",
    "OwnershipControls": {
      "Rules": [
        {
          "ObjectOwnership": "BucketOwnerEnforced"
        }
      ]
    },
    "PublicAccessBlockConfiguration": {
      "BlockPublicAcls": false,
      "BlockPublicPolicy": false,
      "IgnorePublicAcls": false,
      "RestrictPublicBuckets": false
    },
    "Tags": [
      {
        "Key": "Project",
        "Value": "static-website"
      },
      {
        "Key": "Environment",
        "Value": "dev"
      },
      {
        "Key": "FormaeStackLabel",
        "Value": "static-website-stack"
      },
      {
        "Key": "FormaeResourceLabel",
        "Value": "WebsiteBucket"
      }
    ],
    "WebsiteConfiguration": {
      "IndexDocument": "index.html"
    }
  },
  "ReadOnlyProperties": {
    "Arn": "arn:aws:s3:::static-website-uber-unique-id",
    "DomainName": "static-website-uber-unique-id.s3.amazonaws.com",
    "DualStackDomainName": "static-website-uber-unique-id.s3.dualstack.us-east-2.amazonaws.com",
    "RegionalDomainName": "static-website-uber-unique-id.s3.us-east-2.amazonaws.com",
    "WebsiteURL": "http://static-website-uber-unique-id.s3-website.us-east-2.amazonaws.com"
  },
  "NativeID": "static-website-uber-unique-id",
  "Managed": true,
  "Ksuid": "34OGKibzsKaf0Pz3PXJWaav3jSJ"
}